// Jest Snapshot v1, https://goo.gl/fbAQLP

exports[`UniswapV3Pool gas tests fee is off #burn above current price burn entire position after some time passes 1`] = `58703`;

exports[`UniswapV3Pool gas tests fee is off #burn above current price burn when only position using ticks 1`] = `58703`;

exports[`UniswapV3Pool gas tests fee is off #burn above current price entire position burn but other positions are using the ticks 1`] = `82740`;

exports[`UniswapV3Pool gas tests fee is off #burn above current price partial position burn 1`] = `97740`;

exports[`UniswapV3Pool gas tests fee is off #burn around current price burn entire position after some time passes 1`] = `69498`;

exports[`UniswapV3Pool gas tests fee is off #burn around current price burn when only position using ticks 1`] = `66309`;

exports[`UniswapV3Pool gas tests fee is off #burn around current price entire position burn but other positions are using the ticks 1`] = `87551`;

exports[`UniswapV3Pool gas tests fee is off #burn around current price partial position burn 1`] = `102551`;

exports[`UniswapV3Pool gas tests fee is off #burn below current price burn entire position after some time passes 1`] = `64624`;

exports[`UniswapV3Pool gas tests fee is off #burn below current price burn when only position using ticks 1`] = `64624`;

exports[`UniswapV3Pool gas tests fee is off #burn below current price entire position burn but other positions are using the ticks 1`] = `83381`;

exports[`UniswapV3Pool gas tests fee is off #burn below current price partial position burn 1`] = `98381`;

exports[`UniswapV3Pool gas tests fee is off #collect close to worst case 1`] = `35816`;

exports[`UniswapV3Pool gas tests fee is off #increaseObservationCardinalityNext grow by 1 slot 1`] = `51098`;

exports[`UniswapV3Pool gas tests fee is off #increaseObservationCardinalityNext no op 1`] = `24677`;

exports[`UniswapV3Pool gas tests fee is off #mint above current price add to position after some time passes 1`] = `109363`;

exports[`UniswapV3Pool gas tests fee is off #mint above current price add to position existing 1`] = `109363`;

exports[`UniswapV3Pool gas tests fee is off #mint above current price new position mint first in range 1`] = `228037`;

exports[`UniswapV3Pool gas tests fee is off #mint above current price second position in same range 1`] = `126463`;

exports[`UniswapV3Pool gas tests fee is off #mint around current price add to position after some time passes 1`] = `147730`;

exports[`UniswapV3Pool gas tests fee is off #mint around current price add to position existing 1`] = `138551`;

exports[`UniswapV3Pool gas tests fee is off #mint around current price new position mint first in range 1`] = `328860`;

exports[`UniswapV3Pool gas tests fee is off #mint around current price second position in same range 1`] = `155651`;

exports[`UniswapV3Pool gas tests fee is off #mint below current price add to position after some time passes 1`] = `109955`;

exports[`UniswapV3Pool gas tests fee is off #mint below current price add to position existing 1`] = `109955`;

exports[`UniswapV3Pool gas tests fee is off #mint below current price new position mint first in range 1`] = `309741`;

exports[`UniswapV3Pool gas tests fee is off #mint below current price second position in same range 1`] = `127055`;

exports[`UniswapV3Pool gas tests fee is off #poke best case 1`] = `52006`;

exports[`UniswapV3Pool gas tests fee is off #snapshotCumulativesInside tick above 1`] = `29643`;

exports[`UniswapV3Pool gas tests fee is off #snapshotCumulativesInside tick below 1`] = `29605`;

exports[`UniswapV3Pool gas tests fee is off #snapshotCumulativesInside tick inside 1`] = `37053`;

exports[`UniswapV3Pool gas tests fee is off #swapExact0For1 first swap in block moves tick, no initialized crossings 1`] = `114870`;

exports[`UniswapV3Pool gas tests fee is off #swapExact0For1 first swap in block with no tick movement 1`] = `99016`;

exports[`UniswapV3Pool gas tests fee is off #swapExact0For1 first swap in block, large swap crossing a single initialized tick 1`] = `129883`;

exports[`UniswapV3Pool gas tests fee is off #swapExact0For1 first swap in block, large swap crossing several initialized ticks 1`] = `152718`;

exports[`UniswapV3Pool gas tests fee is off #swapExact0For1 first swap in block, large swap, no initialized crossings 1`] = `129481`;

exports[`UniswapV3Pool gas tests fee is off #swapExact0For1 large swap crossing several initialized ticks after some time passes 1`] = `152718`;

exports[`UniswapV3Pool gas tests fee is off #swapExact0For1 large swap crossing several initialized ticks second time after some time passes 1`] = `212718`;

exports[`UniswapV3Pool gas tests fee is off #swapExact0For1 second swap in block moves tick, no initialized crossings 1`] = `114870`;

exports[`UniswapV3Pool gas tests fee is off #swapExact0For1 second swap in block with no tick movement 1`] = `99127`;

exports[`UniswapV3Pool gas tests fee is off #swapExact0For1 second swap in block, large swap crossing a single initialized tick 1`] = `116466`;

exports[`UniswapV3Pool gas tests fee is off #swapExact0For1 second swap in block, large swap crossing several initialized ticks 1`] = `139279`;

exports[`UniswapV3Pool gas tests fee is on #burn above current price burn entire position after some time passes 1`] = `58703`;

exports[`UniswapV3Pool gas tests fee is on #burn above current price burn entire position after some time passes 2`] = `58703`;

exports[`UniswapV3Pool gas tests fee is on #burn above current price burn entire position after some time passes 3`] = `58703`;

exports[`UniswapV3Pool gas tests fee is on #burn above current price burn entire position after some time passes 4`] = `58703`;

exports[`UniswapV3Pool gas tests fee is on #burn above current price burn when only position using ticks 1`] = `58703`;

exports[`UniswapV3Pool gas tests fee is on #burn above current price burn when only position using ticks 2`] = `58703`;

exports[`UniswapV3Pool gas tests fee is on #burn above current price burn when only position using ticks 3`] = `58703`;

exports[`UniswapV3Pool gas tests fee is on #burn above current price burn when only position using ticks 4`] = `58703`;

exports[`UniswapV3Pool gas tests fee is on #burn above current price entire position burn but other positions are using the ticks 1`] = `82740`;

exports[`UniswapV3Pool gas tests fee is on #burn above current price entire position burn but other positions are using the ticks 2`] = `82740`;

exports[`UniswapV3Pool gas tests fee is on #burn above current price entire position burn but other positions are using the ticks 3`] = `82740`;

exports[`UniswapV3Pool gas tests fee is on #burn above current price entire position burn but other positions are using the ticks 4`] = `82740`;

exports[`UniswapV3Pool gas tests fee is on #burn above current price partial position burn 1`] = `97740`;

exports[`UniswapV3Pool gas tests fee is on #burn above current price partial position burn 2`] = `97740`;

exports[`UniswapV3Pool gas tests fee is on #burn above current price partial position burn 3`] = `97740`;

exports[`UniswapV3Pool gas tests fee is on #burn above current price partial position burn 4`] = `97740`;

exports[`UniswapV3Pool gas tests fee is on #burn around current price burn entire position after some time passes 1`] = `66698`;

exports[`UniswapV3Pool gas tests fee is on #burn around current price burn entire position after some time passes 2`] = `69498`;

exports[`UniswapV3Pool gas tests fee is on #burn around current price burn entire position after some time passes 3`] = `69498`;

exports[`UniswapV3Pool gas tests fee is on #burn around current price burn entire position after some time passes 4`] = `69498`;

exports[`UniswapV3Pool gas tests fee is on #burn around current price burn when only position using ticks 1`] = `63509`;

exports[`UniswapV3Pool gas tests fee is on #burn around current price burn when only position using ticks 2`] = `66309`;

exports[`UniswapV3Pool gas tests fee is on #burn around current price burn when only position using ticks 3`] = `66309`;

exports[`UniswapV3Pool gas tests fee is on #burn around current price burn when only position using ticks 4`] = `66309`;

exports[`UniswapV3Pool gas tests fee is on #burn around current price entire position burn but other positions are using the ticks 1`] = `87551`;

exports[`UniswapV3Pool gas tests fee is on #burn around current price entire position burn but other positions are using the ticks 2`] = `87551`;

exports[`UniswapV3Pool gas tests fee is on #burn around current price entire position burn but other positions are using the ticks 3`] = `87551`;

exports[`UniswapV3Pool gas tests fee is on #burn around current price entire position burn but other positions are using the ticks 4`] = `87551`;

exports[`UniswapV3Pool gas tests fee is on #burn around current price partial position burn 1`] = `102551`;

exports[`UniswapV3Pool gas tests fee is on #burn around current price partial position burn 2`] = `102551`;

exports[`UniswapV3Pool gas tests fee is on #burn around current price partial position burn 3`] = `102551`;

exports[`UniswapV3Pool gas tests fee is on #burn around current price partial position burn 4`] = `102551`;

exports[`UniswapV3Pool gas tests fee is on #burn below current price burn entire position after some time passes 1`] = `59024`;

exports[`UniswapV3Pool gas tests fee is on #burn below current price burn entire position after some time passes 2`] = `64624`;

exports[`UniswapV3Pool gas tests fee is on #burn below current price burn entire position after some time passes 3`] = `64624`;

exports[`UniswapV3Pool gas tests fee is on #burn below current price burn entire position after some time passes 4`] = `64624`;

exports[`UniswapV3Pool gas tests fee is on #burn below current price burn when only position using ticks 1`] = `59024`;

exports[`UniswapV3Pool gas tests fee is on #burn below current price burn when only position using ticks 2`] = `64624`;

exports[`UniswapV3Pool gas tests fee is on #burn below current price burn when only position using ticks 3`] = `64624`;

exports[`UniswapV3Pool gas tests fee is on #burn below current price burn when only position using ticks 4`] = `64624`;

exports[`UniswapV3Pool gas tests fee is on #burn below current price entire position burn but other positions are using the ticks 1`] = `83381`;

exports[`UniswapV3Pool gas tests fee is on #burn below current price entire position burn but other positions are using the ticks 2`] = `83381`;

exports[`UniswapV3Pool gas tests fee is on #burn below current price entire position burn but other positions are using the ticks 3`] = `83381`;

exports[`UniswapV3Pool gas tests fee is on #burn below current price entire position burn but other positions are using the ticks 4`] = `83381`;

exports[`UniswapV3Pool gas tests fee is on #burn below current price partial position burn 1`] = `98381`;

exports[`UniswapV3Pool gas tests fee is on #burn below current price partial position burn 2`] = `98381`;

exports[`UniswapV3Pool gas tests fee is on #burn below current price partial position burn 3`] = `98381`;

exports[`UniswapV3Pool gas tests fee is on #burn below current price partial position burn 4`] = `98381`;

exports[`UniswapV3Pool gas tests fee is on #collect close to worst case 1`] = `31709`;

exports[`UniswapV3Pool gas tests fee is on #collect close to worst case 2`] = `35816`;

exports[`UniswapV3Pool gas tests fee is on #collect close to worst case 3`] = `35816`;

exports[`UniswapV3Pool gas tests fee is on #collect close to worst case 4`] = `35816`;

exports[`UniswapV3Pool gas tests fee is on #increaseObservationCardinalityNext grow by 1 slot 1`] = `51098`;

exports[`UniswapV3Pool gas tests fee is on #increaseObservationCardinalityNext grow by 1 slot 2`] = `51098`;

exports[`UniswapV3Pool gas tests fee is on #increaseObservationCardinalityNext grow by 1 slot 3`] = `51098`;

exports[`UniswapV3Pool gas tests fee is on #increaseObservationCardinalityNext grow by 1 slot 4`] = `51098`;

exports[`UniswapV3Pool gas tests fee is on #increaseObservationCardinalityNext no op 1`] = `24677`;

exports[`UniswapV3Pool gas tests fee is on #increaseObservationCardinalityNext no op 2`] = `24677`;

exports[`UniswapV3Pool gas tests fee is on #increaseObservationCardinalityNext no op 3`] = `24677`;

exports[`UniswapV3Pool gas tests fee is on #increaseObservationCardinalityNext no op 4`] = `24677`;

exports[`UniswapV3Pool gas tests fee is on #mint above current price add to position after some time passes 1`] = `109363`;

exports[`UniswapV3Pool gas tests fee is on #mint above current price add to position after some time passes 2`] = `109363`;

exports[`UniswapV3Pool gas tests fee is on #mint above current price add to position after some time passes 3`] = `109363`;

exports[`UniswapV3Pool gas tests fee is on #mint above current price add to position after some time passes 4`] = `109363`;

exports[`UniswapV3Pool gas tests fee is on #mint above current price add to position existing 1`] = `109363`;

exports[`UniswapV3Pool gas tests fee is on #mint above current price add to position existing 2`] = `109363`;

exports[`UniswapV3Pool gas tests fee is on #mint above current price add to position existing 3`] = `109363`;

exports[`UniswapV3Pool gas tests fee is on #mint above current price add to position existing 4`] = `109363`;

exports[`UniswapV3Pool gas tests fee is on #mint above current price new position mint first in range 1`] = `228037`;

exports[`UniswapV3Pool gas tests fee is on #mint above current price new position mint first in range 2`] = `228037`;

exports[`UniswapV3Pool gas tests fee is on #mint above current price new position mint first in range 3`] = `228037`;

exports[`UniswapV3Pool gas tests fee is on #mint above current price new position mint first in range 4`] = `228037`;

exports[`UniswapV3Pool gas tests fee is on #mint above current price second position in same range 1`] = `126463`;

exports[`UniswapV3Pool gas tests fee is on #mint above current price second position in same range 2`] = `126463`;

exports[`UniswapV3Pool gas tests fee is on #mint above current price second position in same range 3`] = `126463`;

exports[`UniswapV3Pool gas tests fee is on #mint above current price second position in same range 4`] = `126463`;

exports[`UniswapV3Pool gas tests fee is on #mint around current price add to position after some time passes 1`] = `147730`;

exports[`UniswapV3Pool gas tests fee is on #mint around current price add to position after some time passes 2`] = `147730`;

exports[`UniswapV3Pool gas tests fee is on #mint around current price add to position after some time passes 3`] = `147730`;

exports[`UniswapV3Pool gas tests fee is on #mint around current price add to position after some time passes 4`] = `147730`;

exports[`UniswapV3Pool gas tests fee is on #mint around current price add to position existing 1`] = `138551`;

exports[`UniswapV3Pool gas tests fee is on #mint around current price add to position existing 2`] = `138551`;

exports[`UniswapV3Pool gas tests fee is on #mint around current price add to position existing 3`] = `138551`;

exports[`UniswapV3Pool gas tests fee is on #mint around current price add to position existing 4`] = `138551`;

exports[`UniswapV3Pool gas tests fee is on #mint around current price new position mint first in range 1`] = `289060`;

exports[`UniswapV3Pool gas tests fee is on #mint around current price new position mint first in range 2`] = `328860`;

exports[`UniswapV3Pool gas tests fee is on #mint around current price new position mint first in range 3`] = `328860`;

exports[`UniswapV3Pool gas tests fee is on #mint around current price new position mint first in range 4`] = `328860`;

exports[`UniswapV3Pool gas tests fee is on #mint around current price second position in same range 1`] = `155651`;

exports[`UniswapV3Pool gas tests fee is on #mint around current price second position in same range 2`] = `155651`;

exports[`UniswapV3Pool gas tests fee is on #mint around current price second position in same range 3`] = `155651`;

exports[`UniswapV3Pool gas tests fee is on #mint around current price second position in same range 4`] = `155651`;

exports[`UniswapV3Pool gas tests fee is on #mint below current price add to position after some time passes 1`] = `109955`;

exports[`UniswapV3Pool gas tests fee is on #mint below current price add to position after some time passes 2`] = `109955`;

exports[`UniswapV3Pool gas tests fee is on #mint below current price add to position after some time passes 3`] = `109955`;

exports[`UniswapV3Pool gas tests fee is on #mint below current price add to position after some time passes 4`] = `109955`;

exports[`UniswapV3Pool gas tests fee is on #mint below current price add to position existing 1`] = `109955`;

exports[`UniswapV3Pool gas tests fee is on #mint below current price add to position existing 2`] = `109955`;

exports[`UniswapV3Pool gas tests fee is on #mint below current price add to position existing 3`] = `109955`;

exports[`UniswapV3Pool gas tests fee is on #mint below current price add to position existing 4`] = `109955`;

exports[`UniswapV3Pool gas tests fee is on #mint below current price new position mint first in range 1`] = `230141`;

exports[`UniswapV3Pool gas tests fee is on #mint below current price new position mint first in range 2`] = `309741`;

exports[`UniswapV3Pool gas tests fee is on #mint below current price new position mint first in range 3`] = `309741`;

exports[`UniswapV3Pool gas tests fee is on #mint below current price new position mint first in range 4`] = `309741`;

exports[`UniswapV3Pool gas tests fee is on #mint below current price second position in same range 1`] = `127055`;

exports[`UniswapV3Pool gas tests fee is on #mint below current price second position in same range 2`] = `127055`;

exports[`UniswapV3Pool gas tests fee is on #mint below current price second position in same range 3`] = `127055`;

exports[`UniswapV3Pool gas tests fee is on #mint below current price second position in same range 4`] = `127055`;

exports[`UniswapV3Pool gas tests fee is on #poke best case 1`] = `52006`;

exports[`UniswapV3Pool gas tests fee is on #poke best case 2`] = `52006`;

exports[`UniswapV3Pool gas tests fee is on #poke best case 3`] = `52006`;

exports[`UniswapV3Pool gas tests fee is on #poke best case 4`] = `52006`;

exports[`UniswapV3Pool gas tests fee is on #snapshotCumulativesInside tick above 1`] = `29643`;

exports[`UniswapV3Pool gas tests fee is on #snapshotCumulativesInside tick above 2`] = `29643`;

exports[`UniswapV3Pool gas tests fee is on #snapshotCumulativesInside tick above 3`] = `29643`;

exports[`UniswapV3Pool gas tests fee is on #snapshotCumulativesInside tick above 4`] = `29643`;

exports[`UniswapV3Pool gas tests fee is on #snapshotCumulativesInside tick below 1`] = `29605`;

exports[`UniswapV3Pool gas tests fee is on #snapshotCumulativesInside tick below 2`] = `29605`;

exports[`UniswapV3Pool gas tests fee is on #snapshotCumulativesInside tick below 3`] = `29605`;

exports[`UniswapV3Pool gas tests fee is on #snapshotCumulativesInside tick below 4`] = `29605`;

exports[`UniswapV3Pool gas tests fee is on #snapshotCumulativesInside tick inside 1`] = `37053`;

exports[`UniswapV3Pool gas tests fee is on #snapshotCumulativesInside tick inside 2`] = `37053`;

exports[`UniswapV3Pool gas tests fee is on #snapshotCumulativesInside tick inside 3`] = `37053`;

exports[`UniswapV3Pool gas tests fee is on #snapshotCumulativesInside tick inside 4`] = `37053`;

exports[`UniswapV3Pool gas tests fee is on #swapExact0For1 first swap in block moves tick, no initialized crossings 1`] = `117457`;

exports[`UniswapV3Pool gas tests fee is on #swapExact0For1 first swap in block moves tick, no initialized crossings 2`] = `120257`;

exports[`UniswapV3Pool gas tests fee is on #swapExact0For1 first swap in block moves tick, no initialized crossings 3`] = `120257`;

exports[`UniswapV3Pool gas tests fee is on #swapExact0For1 first swap in block moves tick, no initialized crossings 4`] = `120257`;

exports[`UniswapV3Pool gas tests fee is on #swapExact0For1 first swap in block with no tick movement 1`] = `101456`;

exports[`UniswapV3Pool gas tests fee is on #swapExact0For1 first swap in block with no tick movement 2`] = `104256`;

exports[`UniswapV3Pool gas tests fee is on #swapExact0For1 first swap in block with no tick movement 3`] = `104256`;

exports[`UniswapV3Pool gas tests fee is on #swapExact0For1 first swap in block with no tick movement 4`] = `104256`;

exports[`UniswapV3Pool gas tests fee is on #swapExact0For1 first swap in block, large swap crossing a single initialized tick 1`] = `142017`;

exports[`UniswapV3Pool gas tests fee is on #swapExact0For1 first swap in block, large swap crossing a single initialized tick 2`] = `135417`;

exports[`UniswapV3Pool gas tests fee is on #swapExact0For1 first swap in block, large swap crossing a single initialized tick 3`] = `135417`;

exports[`UniswapV3Pool gas tests fee is on #swapExact0For1 first swap in block, large swap crossing a single initialized tick 4`] = `135417`;

exports[`UniswapV3Pool gas tests fee is on #swapExact0For1 first swap in block, large swap crossing several initialized ticks 1`] = `193493`;

exports[`UniswapV3Pool gas tests fee is on #swapExact0For1 first swap in block, large swap crossing several initialized ticks 2`] = `158693`;

exports[`UniswapV3Pool gas tests fee is on #swapExact0For1 first swap in block, large swap crossing several initialized ticks 3`] = `158693`;

exports[`UniswapV3Pool gas tests fee is on #swapExact0For1 first swap in block, large swap crossing several initialized ticks 4`] = `158693`;

exports[`UniswapV3Pool gas tests fee is on #swapExact0For1 first swap in block, large swap, no initialized crossings 1`] = `132362`;

exports[`UniswapV3Pool gas tests fee is on #swapExact0For1 first swap in block, large swap, no initialized crossings 2`] = `135162`;

exports[`UniswapV3Pool gas tests fee is on #swapExact0For1 first swap in block, large swap, no initialized crossings 3`] = `135162`;

exports[`UniswapV3Pool gas tests fee is on #swapExact0For1 first swap in block, large swap, no initialized crossings 4`] = `135162`;

exports[`UniswapV3Pool gas tests fee is on #swapExact0For1 large swap crossing several initialized ticks after some time passes 1`] = `193493`;

exports[`UniswapV3Pool gas tests fee is on #swapExact0For1 large swap crossing several initialized ticks after some time passes 2`] = `158693`;

exports[`UniswapV3Pool gas tests fee is on #swapExact0For1 large swap crossing several initialized ticks after some time passes 3`] = `158693`;

exports[`UniswapV3Pool gas tests fee is on #swapExact0For1 large swap crossing several initialized ticks after some time passes 4`] = `158693`;

exports[`UniswapV3Pool gas tests fee is on #swapExact0For1 large swap crossing several initialized ticks second time after some time passes 1`] = `193493`;

exports[`UniswapV3Pool gas tests fee is on #swapExact0For1 large swap crossing several initialized ticks second time after some time passes 2`] = `218693`;

exports[`UniswapV3Pool gas tests fee is on #swapExact0For1 large swap crossing several initialized ticks second time after some time passes 3`] = `218693`;

exports[`UniswapV3Pool gas tests fee is on #swapExact0For1 large swap crossing several initialized ticks second time after some time passes 4`] = `218693`;

exports[`UniswapV3Pool gas tests fee is on #swapExact0For1 second swap in block moves tick, no initialized crossings 1`] = `117457`;

exports[`UniswapV3Pool gas tests fee is on #swapExact0For1 second swap in block moves tick, no initialized crossings 2`] = `120257`;

exports[`UniswapV3Pool gas tests fee is on #swapExact0For1 second swap in block moves tick, no initialized crossings 3`] = `120257`;

exports[`UniswapV3Pool gas tests fee is on #swapExact0For1 second swap in block moves tick, no initialized crossings 4`] = `120257`;

exports[`UniswapV3Pool gas tests fee is on #swapExact0For1 second swap in block with no tick movement 1`] = `101567`;

exports[`UniswapV3Pool gas tests fee is on #swapExact0For1 second swap in block with no tick movement 2`] = `104367`;

exports[`UniswapV3Pool gas tests fee is on #swapExact0For1 second swap in block with no tick movement 3`] = `104367`;

exports[`UniswapV3Pool gas tests fee is on #swapExact0For1 second swap in block with no tick movement 4`] = `104367`;

exports[`UniswapV3Pool gas tests fee is on #swapExact0For1 second swap in block, large swap crossing a single initialized tick 1`] = `128453`;

exports[`UniswapV3Pool gas tests fee is on #swapExact0For1 second swap in block, large swap crossing a single initialized tick 2`] = `121853`;

exports[`UniswapV3Pool gas tests fee is on #swapExact0For1 second swap in block, large swap crossing a single initialized tick 3`] = `121853`;

exports[`UniswapV3Pool gas tests fee is on #swapExact0For1 second swap in block, large swap crossing a single initialized tick 4`] = `121853`;

exports[`UniswapV3Pool gas tests fee is on #swapExact0For1 second swap in block, large swap crossing several initialized ticks 1`] = `179907`;

exports[`UniswapV3Pool gas tests fee is on #swapExact0For1 second swap in block, large swap crossing several initialized ticks 2`] = `145107`;

exports[`UniswapV3Pool gas tests fee is on #swapExact0For1 second swap in block, large swap crossing several initialized ticks 3`] = `145107`;

exports[`UniswapV3Pool gas tests fee is on #swapExact0For1 second swap in block, large swap crossing several initialized ticks 4`] = `145107`;
